01:51:29 **** Incremental Build of configuration Debug for project 4x4_matrix_keypad_input ****
make -j6 all 
arm-none-eabi-gcc "../Src/main.c" -mcpu=cortex-m3 -std=gnu11 -g3 -DUSE_HAL_DRIVER -DSTM32F103x6 -DDEBUG -c -I../Inc -I../Drivers/CMSIS/Device/ST/STM32F1xx/Include -I../Drivers/CMSIS/Include -I../Drivers/STM32F1xx_HAL_Driver/Inc/Legacy -I../Drivers/STM32F1xx_HAL_Driver/Inc -O0 -ffunction-sections -fdata-sections -Wall -fstack-usage -MMD -MP -MF"Src/main.d" -MT"Src/main.o" --specs=nano.specs -mfloat-abi=soft -mthumb -o "Src/main.o"
arm-none-eabi-gcc -o "4x4_matrix_keypad_input.elf" @"objects.list"   -mcpu=cortex-m3 -T"C:\Users\PC-Korisnik\Desktop\NikolaRnjak_80-2018\IV godina\MS\mikroprocesorski-sistemi\Domaci_4\stm32\4x4_matrix_keypad_input\STM32F103C6TX_FLASH.ld" --specs=nosys.specs -Wl,-Map="4x4_matrix_keypad_input.map" -Wl,--gc-sections -static --specs=nano.specs -mfloat-abi=soft -mthumb -Wl,--start-group -lc -lm -Wl,--end-group
Finished building target: 4x4_matrix_keypad_input.elf
 
arm-none-eabi-objdump -h -S  4x4_matrix_keypad_input.elf  > "4x4_matrix_keypad_input.list"
arm-none-eabi-objcopy  -O ihex  4x4_matrix_keypad_input.elf  "4x4_matrix_keypad_input.hex"
arm-none-eabi-objcopy  -O binary  4x4_matrix_keypad_input.elf  "4x4_matrix_keypad_input.bin"
arm-none-eabi-size   4x4_matrix_keypad_input.elf 
   text	   data	    bss	    dec	    hex	filename
  11356	    156	   1572	  13084	   331c	4x4_matrix_keypad_input.elf
Finished building: default.size.stdout
 
Finished building: 4x4_matrix_keypad_input.hex
Finished building: 4x4_matrix_keypad_input.bin
 
 
Finished building: 4x4_matrix_keypad_input.list
 

01:51:30 Build Finished. 0 errors, 0 warnings. (took 1s.423ms)

